running egg_info
creating ../build/follow_wall_pkg/follow_wall_pkg.egg-info
writing ../build/follow_wall_pkg/follow_wall_pkg.egg-info/PKG-INFO
writing dependency_links to ../build/follow_wall_pkg/follow_wall_pkg.egg-info/dependency_links.txt
writing entry points to ../build/follow_wall_pkg/follow_wall_pkg.egg-info/entry_points.txt
writing requirements to ../build/follow_wall_pkg/follow_wall_pkg.egg-info/requires.txt
writing top-level names to ../build/follow_wall_pkg/follow_wall_pkg.egg-info/top_level.txt
writing manifest file '../build/follow_wall_pkg/follow_wall_pkg.egg-info/SOURCES.txt'
reading manifest file '../build/follow_wall_pkg/follow_wall_pkg.egg-info/SOURCES.txt'
writing manifest file '../build/follow_wall_pkg/follow_wall_pkg.egg-info/SOURCES.txt'
running build
running build_py
creating /home/deepracer/Desktop/deepracer_ws/src/adv-deep-racer/build/follow_wall_pkg/build
creating /home/deepracer/Desktop/deepracer_ws/src/adv-deep-racer/build/follow_wall_pkg/build/lib
creating /home/deepracer/Desktop/deepracer_ws/src/adv-deep-racer/build/follow_wall_pkg/build/lib/follow_wall_pkg
copying follow_wall_pkg/__init__.py -> /home/deepracer/Desktop/deepracer_ws/src/adv-deep-racer/build/follow_wall_pkg/build/lib/follow_wall_pkg
copying follow_wall_pkg/follow_wall_node.py -> /home/deepracer/Desktop/deepracer_ws/src/adv-deep-racer/build/follow_wall_pkg/build/lib/follow_wall_pkg
running install
running install_lib
creating /home/deepracer/Desktop/deepracer_ws/src/adv-deep-racer/install/follow_wall_pkg/lib/python3.8/site-packages/follow_wall_pkg
copying /home/deepracer/Desktop/deepracer_ws/src/adv-deep-racer/build/follow_wall_pkg/build/lib/follow_wall_pkg/__init__.py -> /home/deepracer/Desktop/deepracer_ws/src/adv-deep-racer/install/follow_wall_pkg/lib/python3.8/site-packages/follow_wall_pkg
copying /home/deepracer/Desktop/deepracer_ws/src/adv-deep-racer/build/follow_wall_pkg/build/lib/follow_wall_pkg/follow_wall_node.py -> /home/deepracer/Desktop/deepracer_ws/src/adv-deep-racer/install/follow_wall_pkg/lib/python3.8/site-packages/follow_wall_pkg
byte-compiling /home/deepracer/Desktop/deepracer_ws/src/adv-deep-racer/install/follow_wall_pkg/lib/python3.8/site-packages/follow_wall_pkg/__init__.py to __init__.cpython-38.pyc
byte-compiling /home/deepracer/Desktop/deepracer_ws/src/adv-deep-racer/install/follow_wall_pkg/lib/python3.8/site-packages/follow_wall_pkg/follow_wall_node.py to follow_wall_node.cpython-38.pyc
running install_data
creating /home/deepracer/Desktop/deepracer_ws/src/adv-deep-racer/install/follow_wall_pkg/share/ament_index
creating /home/deepracer/Desktop/deepracer_ws/src/adv-deep-racer/install/follow_wall_pkg/share/ament_index/resource_index
creating /home/deepracer/Desktop/deepracer_ws/src/adv-deep-racer/install/follow_wall_pkg/share/ament_index/resource_index/packages
copying resource/follow_wall_pkg -> /home/deepracer/Desktop/deepracer_ws/src/adv-deep-racer/install/follow_wall_pkg/share/ament_index/resource_index/packages
copying package.xml -> /home/deepracer/Desktop/deepracer_ws/src/adv-deep-racer/install/follow_wall_pkg/share/follow_wall_pkg
running install_egg_info
Copying ../build/follow_wall_pkg/follow_wall_pkg.egg-info to /home/deepracer/Desktop/deepracer_ws/src/adv-deep-racer/install/follow_wall_pkg/lib/python3.8/site-packages/follow_wall_pkg-0.0.0-py3.8.egg-info
running install_scripts
Installing follow_wall_node script to /home/deepracer/Desktop/deepracer_ws/src/adv-deep-racer/install/follow_wall_pkg/lib/follow_wall_pkg
writing list of installed files to '/home/deepracer/Desktop/deepracer_ws/src/adv-deep-racer/build/follow_wall_pkg/install.log'
